2025-08-29 20:04:18,429 - INFO - 🚀 Using 10 cores for parallel processing
2025-08-29 20:04:18,429 - INFO - 🚀 Starting Optimized Classification Data Cleaning Pipeline
2025-08-29 20:04:18,429 - INFO - 🔧 Creating label mapping for global taxonomy...
2025-08-29 20:04:18,429 - INFO - ✅ Label map created with 0 mappings
2025-08-29 20:04:18,429 - INFO - 📥 Collecting all data from raw datasets...
2025-08-29 20:04:18,437 - INFO - 📝 No text data found
2025-08-29 20:04:18,438 - INFO - 🖼️  No image data found
2025-08-29 20:04:18,438 - INFO - ✂️  Creating leakage-proof splits...
2025-08-29 20:04:18,438 - INFO - ✅ Splits created successfully
2025-08-29 20:04:18,438 - INFO - 💾 Saving processed splits...
2025-08-29 20:04:18,438 - INFO - 📋 Creating manifest...
2025-08-29 20:04:18,439 - INFO - 📋 Manifest created: curated/v1/manifest.csv
2025-08-29 20:04:18,439 - INFO - 🎉 Pipeline completed successfully!
2025-08-29 20:04:18,439 - INFO - ⏱️  Total time: 0 days 00:00:00.009810
2025-08-29 20:06:29,076 - INFO - 🚀 Using 10 cores for parallel processing
2025-08-29 20:06:29,076 - INFO - 🚀 Starting Optimized Classification Data Cleaning Pipeline
2025-08-29 20:06:29,076 - INFO - 🔧 Creating label mapping for global taxonomy...
2025-08-29 20:06:29,076 - INFO - ✅ Label map created with 0 mappings
2025-08-29 20:06:29,076 - INFO - 📥 Collecting all data from raw datasets...
2025-08-29 20:06:29,076 - INFO - 🔍 Found 0 CSV files to process
2025-08-29 20:06:29,085 - INFO - 📝 No text data found
2025-08-29 20:06:29,085 - INFO - 🖼️  No image data found
2025-08-29 20:06:29,085 - INFO - ✂️  Creating leakage-proof splits...
2025-08-29 20:06:29,085 - INFO - ✅ Splits created successfully
2025-08-29 20:06:29,085 - INFO - 💾 Saving processed splits...
2025-08-29 20:06:29,085 - INFO - 📋 Creating manifest...
2025-08-29 20:06:29,086 - INFO - 📋 Manifest created: curated/v1/manifest.csv
2025-08-29 20:06:29,086 - INFO - 🎉 Pipeline completed successfully!
2025-08-29 20:06:29,086 - INFO - ⏱️  Total time: 0 days 00:00:00.010307
